// Jest Snapshot v1, https://goo.gl/fbAQLP

exports[`CountryDetails component should match snapshot 1`] = `
<DocumentFragment>
  <div>
    ...
  </div>
</DocumentFragment>
`;
